exports[`GraphQL API > Matches test snapshot #0`] =
{
  "hello": "world"
};
